<?xml version="1.0" encoding="UTF-8"?>
<TestRun id="6eabeb31-b2c4-48e4-aaad-95dac41b0def" name="acarter@CLARK 2011-12-15 16:06:05" runUser="clark\acarter" xmlns="http://microsoft.com/schemas/VisualStudio/TeamTest/2010">
  <TestSettings name="Default Test Settings" id="ce7495b0-d35e-4b23-a0ea-a357d4404c6d">
    <Deployment runDeploymentRoot="acarter_CLARK 2011-12-15 16_06_05">
      <DeploymentItem filename="C:\Program Files (x86)\Microsoft Visual Studio 10.0\Common7\IDE\PublicAssemblies\Microsoft.VSSDK.TestHostFramework.dll" />
      <DeploymentItem filename="C:\Program Files (x86)\Microsoft Visual Studio 2010 SDK SP1\VisualStudioIntegration\Common\Assemblies\v4.0\Microsoft.VSSDK.UnitTestLibrary.dll" />
      <DeploymentItem filename="D:\code\osbide\Main\Source\OSBIDE\packages\EntityFramework.4.2.0.0\lib\net40\EntityFramework.dll" />
      <DeploymentItem filename="D:\code\osbide\Main\Source\OSBIDE\packages\DotNetZip.1.9.1.8\lib\net20\Ionic.Zip.dll" />
      <DeploymentItem filename="D:\code\osbide\Main\Source\OSBIDE\Source\OSBIDE.Controls\bin\Debug\OSBIDE.Controls.dll" />
      <DeploymentItem filename="D:\code\osbide\Main\Source\OSBIDE\Source\OSBIDE.Web\bin\OSBIDE.Web.dll" />
      <DeploymentItem filename="D:\code\osbide\Main\Source\OSBIDE\Source\OSBIDE.Library\bin\Debug\OSBIDE.Library.dll" />
      <DeploymentItem filename="D:\code\osbide\Main\Source\OSBIDE\Source\OSBIDE.VSPackage\bin\Debug\OSBIDE.VSPackage.dll" />
    </Deployment>
    <Execution>
      <TestTypeSpecific />
      <AgentRule name="Execution Agents">
      </AgentRule>
    </Execution>
  </TestSettings>
  <Times creation="2011-12-15T16:06:05.2567749-08:00" queuing="2011-12-15T16:06:06.2158297-08:00" start="2011-12-15T16:06:06.3728387-08:00" finish="2011-12-15T16:06:06.9318707-08:00" />
  <ResultSummary outcome="Inconclusive">
    <Counters total="1" executed="1" error="0" failed="0" timeout="0" aborted="0" inconclusive="1" passedButRunAborted="0" notRunnable="0" notExecuted="0" disconnected="0" warning="0" passed="0" completed="0" inProgress="0" pending="0" />
  </ResultSummary>
  <TestDefinitions>
    <UnitTest name="UserDataFileTest" storage="d:\code\osbide\main\source\osbide\unittests\osbide.unittests\bin\debug\osbide.unittests.dll" id="e93ebe7e-132a-22e1-eb96-8f589ead88cd">
      <DeploymentItems>
        <DeploymentItem filename="OSBIDE.VSPackage.dll" />
      </DeploymentItems>
      <Execution id="736f8462-378a-45d8-8639-5c76e6188ea0" />
      <TestMethod codeBase="D:/code/osbide/Main/Source/OSBIDE/UnitTests/OSBIDE.UnitTests/bin/Debug/OSBIDE.UnitTests.DLL" adapterTypeName="Microsoft.VisualStudio.TestTools.TestTypes.Unit.UnitTestAdapter, Microsoft.VisualStudio.QualityTools.Tips.UnitTest.Adapter, Version=10.0.0.0, Culture=neutral, PublicKeyToken=b03f5f7f11d50a3a" className="OSBIDE.VSPackage.UnitTests.OSBIDEPackageTest, OSBIDE.UnitTests, Version=0.0.0.0, Culture=neutral, PublicKeyToken=d1d626f0cd820a8c" name="UserDataFileTest" />
    </UnitTest>
  </TestDefinitions>
  <TestLists>
    <TestList name="Results Not in a List" id="8c84fa94-04c1-424b-9868-57a2d4851a1d" />
    <TestList name="All Loaded Results" id="19431567-8539-422a-85d7-44ee4e166bda" />
  </TestLists>
  <TestEntries>
    <TestEntry testId="e93ebe7e-132a-22e1-eb96-8f589ead88cd" executionId="736f8462-378a-45d8-8639-5c76e6188ea0" testListId="8c84fa94-04c1-424b-9868-57a2d4851a1d" />
  </TestEntries>
  <Results>
    <UnitTestResult executionId="736f8462-378a-45d8-8639-5c76e6188ea0" testId="e93ebe7e-132a-22e1-eb96-8f589ead88cd" testName="UserDataFileTest" computerName="CLARK" duration="00:00:00.1513954" startTime="2011-12-15T16:06:06.3868395-08:00" endTime="2011-12-15T16:06:06.8858681-08:00" testType="13cdc9d9-ddb5-4fa4-a97d-d965ccfc6d4b" outcome="Inconclusive" testListId="8c84fa94-04c1-424b-9868-57a2d4851a1d" relativeResultsDirectory="736f8462-378a-45d8-8639-5c76e6188ea0">
      <Output>
        <DebugTrace>Entering constructor for: OSBIDE.VSPackage.OSBIDEPackage
</DebugTrace>
        <ErrorInfo>
          <Message>Assert.Inconclusive failed. Verify the correctness of this test method.</Message>
          <StackTrace>   at OSBIDE.VSPackage.UnitTests.OSBIDEPackageTest.UserDataFileTest() in D:\code\osbide\Main\Source\OSBIDE\UnitTests\OSBIDE.UnitTests\VSPackage\OSBIDEPackageTest.cs:line 76
</StackTrace>
        </ErrorInfo>
      </Output>
    </UnitTestResult>
  </Results>
</TestRun>